CCCCCCCCCCCCCCCCCCCCCCCCCCCCCCCCCCCCCCCCCCCCCCCCC
CJJJJJdddddddddddddddddddJJJCCJJJJddddddddddddddz
CJJJddddxxddddddddddddddddJJCCJJJJddddddddddddddz
CJJdddddxxdddddddddddddddddJCCJJJdddddddddddddddz
CJddddddxxddddddddddddddddddCCJJddddddddddddddddC
CJddddddddddddddddddddddddddCCJJddddddddddddddddC
CdddddddddddddddddddddddddddCCJdddddddddddddddddC
CPQdddddddddddddddddddddddddCCddddddPQPQPQPQddddC
CpqdddddddddddddddddddddddddCCddddddpqpqpqpqddddC
CPQdddddddddddddddddddddddddddddddddPQPQPQPQddddC
CpqdddddddddddddddddddddddddddddddddpqpqpqpqddddC
CPQCCCCCCCCCCCCCCCddddddddddddddddddPQPQPQPQddddC
CpqddddddddddddddCddddddddddddddddddpqpqpqpqddddC
CddddddddddddddddCddddddddddddddddddddddddddddddC
CddddddddddddddddCCCCCCCCCCCdddddddddddddyddddddC
CdddddddddJJJddddddddddddddCddddddddddddddddddddC
CdddddJJJJJJJJJddddddddddddCddddddddddddddddddddC
CddddddJJJJJJJJJJJdddddddddCddddddddddCCCCCCCCCCC
CCCCCCCCCCCCCCCCCCCCdddddddCddddddddddCdddddddddC
CddddddddddddddddddCdddmdddCddddddddddCdddddddddC
CddddddddddddddddddCdddddddCddddddddddCdddddddddC
CddddddddddddddddddCCCCCCCCCddddddddddCdddddddddC
CdddddddddddddddddddddddddddddddddddddCdddddddddC
CdddddddCCddddddddddddddddddddddddddddCdddddmdddC
CdddddddCCddddddddddddddddddddddddddddCdddddddddC
CdddddddCCddddddddddddddddddddddddddddCdddddddddC
CdddS1ddCCddddddddddddddddddddddddddddCdddddddddC
CdddddddCCddddddddddddddddddddddddddddCdddddddddC
CCCCCCCCCCCCCCCCCCCCCCCCCCCCCCCCCCCCCCCCCCCCCCCCC
