CCCCCCCCCCCCCCCCCCCCCCCCCCCCCCCCCCCCCCC
CjjjjjjjjjjjjjjjjjjjjjjjjjjjjjjjjjjjjjC
CjjjjjjjjjjjjjjjjjjjjjjjjjjjjjjjjjjjjjC
Cjjjjjjjjjjjjjjjjjjjjjjjjjjjjjjjjjjjjjz
Cjjjjjjjjjjjjjjjjjjjjjjjjjjjjjjjjjjjjjz
Cjjjjjjjjjjjjjjjjjjjjjjjjjjjjjjjjjjjjjz
CjjjjjjjjjjjjjjjjjjjjjjjjjjjjjjjjjjjjjC
CjjjjjjjjjjjjjjjjjjjjjjjjjjjjjjjjjjjjjC
CjjjjjjjjjjjjjjjjjjjjjjjjjjjjjjjjjjjjjC
CjjjjjjjjjjjjjjjjjjjjjjjjjjjjjjjjjjjjjC
CjjjjjjjjjjjjjjjjjjjjjjjjjjjjjjjjjjjjjC
CjjjjjjjjjjjjjjjjjjjjjjjjjjjjjjjjjjjjjC
CjjjjjjjjjjjjjjjjjjjjjjjjjjjjjjjjjjjjjC
CjjjjjjjjjjjjjjjjjjjjjjjjjjjjjjjjjjjjjC
CjjjjjjjjjjjjjjjjjjjjjjjjjjjjjjjjjjjjjC
CjjjjjjjjjjjjjjjjjjjjjjjjjjjjjjjjjjjjjC
CjjjjjjjjjjjjjjjjjjjjjjjjjjjjjjjjjjjjjC
CjjjjjjjjjjjjjjjjjjjjjjjjjjjjjjjjjjjjjC
CjjjjjjjjjjjjjjjjjjjjjjjjjjjjjjjjjjjjjC
CjjjjjjjjjjjjjjPQPQPQPQjjjjjjjjjjjjjjjC
CjjjjjjjjjjjjjjpqpqpqpqjjjjjjjjjjjjjjjC
CjjjjjjjjjjjjjjPQPQPQPQjjjjjjjjjjjjjjjC
CjjjjjjjjjjjjjjpqpqpqpqjjjjjjjjjjjjjjjC
CjjjjjjjjjjjjjjPQPQPQPQjjjjjjjjjjjjjjjC
zjjjjjjjjjjjjjjpqpqpqpqjjjjjjjjjjjjjjjC
zSjjjjjjjjjjjjjjjjjjjjjjjjjjjjjjjjjjjjC
zjjjjjjjjjjjjjjjjjjjjjjjjjjjjjjjjjjjjjC
CCCCCCCCCCCCCCCCCCCCCCCCCCCCCCCCCCCCCCC