CCCCCCCCCCCCCCCCCCCCCCCCCCCCCCCCCCCCCCCCzzzCCCCCCCCCCCCCCCCC
CggggggggggggggggggggggggggggggggggggggggggggggggggggggggggC
CgggggggggggggggggggggggggggggggggggggggggggmggggggggggggggC
CggggggggggggggggggggggggggggggggggggggggggggggggggggggggggC
CgggggggggggggggggggggggggggggggggggggxxgggggggggggggggggggC
CgggggggggggggggggggggggggggggggggggggxxgggggggggggggggggggC
CgggggggggggggggggggggggggggggggggggggxxgggggggggggggggggggC
CgggggggggggggggggggyggggggggggggggggggggggggggggggggggggggC
CggggggggggggggggggggggggggggggggggggggggggggggggggggggggggC
CggggggggggggggggggggggggggggggggggggggggggggggggggggggggggC
CggggggggggggggggggggggggggggggggggggggggggggggggggggggggggC
CggggggggggggggggggggggggggggggggggggggggggggggggggggggggggC
CggggggggggggggggggggggggggggggggggggggggggggggggggggggggggC
CgggggggggggggggggggggggggggPQPQgggggggggggggggggggggggggggC
CgggggggggggggggggggggggggggpqpqPQPQgggggggggggggggggggggggC
CgggggggggggggggBBBBBBBBggggPQPQpqpqgggggggggggggggggggggggC
CggggggggggggggBbbbbbbbJggggpqpqPQPQgggggggggggggggggggggggC
CgggggggggggggBbbbbbbbJgggggPQPQpqpqgggggggggggggggggggggggC
CggggggggggBBBbJJJJJbbBBBgggpqpqPQPQgggggggggygggggggggggggC
CgggggggggBJJJJBBBBBJJJJJgggPQPQpqpqgggggggggggggggggggggggC
CggggggggBbBBBBbbbbbBBggggggpqpqPQPQgggggggggggggggggggggggC
CggggggggJbbbbbbbbbbbbBgggggPQPQpqpqgggggggggggggggggggggggC
CgggggggggJbbbbbbbbbbJJgggggpqpqPQPQgggggggggggggggggggggggC
CggggggggggJJJJJJJJJJgggggggggggpqpqgggggggggggggggggggggggC
CggggggggggggggggggggggggggggggggggggggggggggggggggggggggggC
CggggggggggggggggggggggggggggggggggggggggggggggggggggggggggC
CggggggggggggggggggggggggggggggggggggggggggggggggggggggggggC
CggggggggggggggggggggggggggggggggggggggggggggggggggggggggggC
CggggggggggggggggggggggggggggggggggggggggggggggygggggggggggC
CggggggggggggggggggggggggggggggggggggggggggggggggggggggggggC
CggggggggggggggggggggggggggggggggggggggggggggggggggggggggggC
CggggSgggggggggggggggggggggggggggggggggggggggggggggggggggggC
CCCCZZZCCCCCCCCCCCCCCCCCCCCCCCCCCCCCCCCCCCCCCCCCCCCCCCCCCCCC