CCCCCCCCCCCCCCCCCCCCCCCCCCCCCCCCCCCCCCCCzzzCCCCCCCCCCCCCCCCC
CggggggggggggggggggggggggggggggggggggggggggggggggggggggggggC
CgggggggggggggggggggggggggggggggggggggggggggmggggggggggggggC
CggggggggggggggggggggggggggggggggggggggggggggggggggggggggggC
CgggggggggggggggggggggggggggggggggggggXxgggggggggggggggggggC
CgggggggggggggggggggggggggggggggggggggTtgggggggggggggggggggC
CgggggggggggggggggggggggggggggggggggggUugggggggggggggggggggC
CgggggggggggggggggggyggggggggggggggggggggggggggggggggggggggC
CggggggggggggggggggggggggggggggggggggggggggggggggggggggggggC
CggggggggggggggggggggggggggggggggggggggggggggggggggggggggggC
CggggggggggggggggggggggggggggggggggggggggggggggggggggggggggC
CggggggggggggggggggggggggggggggggggggggggggggggggggggggggggC
CggggggggggggggggggggggggggggggggggggggggggggggggggggggggggC
CgggggggggggggggggggggggggggPQPQgggggggggggggggggggggggggggC
CgggggggggggggggggggggggggggpqpqPQPQgggggggggggggggggggggggC
CgggggggggggggggBBBBBBBBggggPQPQpqpqgggggggggggggggggggggggC
CggggggggggggggBbbbbbbbJggggpqpqPQPQgggggggggggggggggggggggC
CgggggggggggggBbbbbbbbJgggggPQPQpqpqgggggggggggggggggggggggC
CggggggggggBBBbJJJJJbbBBBgggpqpqPQPQgggggggggggggggggggggggC
CgggggggggBJJJJBBBBBJJJJJgggPQPQpqpqgggggggggggggggggggggggC
CggggggggBbBBBBbbbbbBBggggggpqpqPQPQgggggggggggggggggggggggC
CggggggggJbbbbbbbbbbbbBgggggPQPQpqpqgggggggggggggggggggggggC
CgggggggggJbbbbbbbbbbJJgggggpqpqPQPQgggggggggggggggggggggggC
CggggggggggJJJJJJJJJJgggggggggggpqpqgggggggggggggggggggggggC
CggggggggggggggggggggggggggggggggggggggggggggggggggggggggggC
CggggggggggggggggggggggggggggggggggggggggggggggggggggggggggC
CggggggggggggggggggggggggggggggggggggggggggggggggggggggggggC
CggggggggggggggggggggggggggggggggggggggggggggggggggggggggggC
CggggggggggggggggggggggggggggggggggggggggggggggygggggggggggC
CggggggggggggggggggggggggggggggggggggggggggggggggggggggggggC
CggggggggggggggggggggggggggggggggggggggggggggggggggggggggggC
CggggSgggggggggggggggggggggggggggggggggggggggggggggggggggggC
CCCCZZZCCCCCCCCCCCCCCCCCCCCCCCCCCCCCCCCCCCCCCCCCCCCCCCCCCCCC