CCCCCCCCCCCCCCCCCCCCCCCCCCCCCCCCCCCCCCCCzzzCCCCCCCCCCCCCCCCC
CggggggggggggggggggggggggggggggggggggggggggggggggggggggggggC
CgggggggggggggggggggggggggggggggggggggggggggmggggggggggggggC
CggggggggggggggggggggggggggggggggggggggggggggggggggggggggggC
CgggggggggggggggggggggggggggggggggggggxxgggggggggggggggggggC
CgggggggggggggggggggggggggggggggggggggxxgggggggggggggggggggC
CgggggggggggggggggggggggggggggggggggggxxgggggggggggggggggggC
CgggggggggggggggggggyggggggggggggggggggggggggggggggggggggggC
CggggggggggggggggggggggggggggggggggggggggggggggggggggggggggC
CggggggggggggggggggggggggggggggggggggggggggggggggggggggggggC
CggggggggggggggggggggggggggggggggggggggggggggggggggggggggggC
CggggggggggggggggggggggggggggggggggggggggggggggggggggggggggC
CggggggggggggggggggggggggggggggggggggggggggggggggggggggggggC
CgggggggggggggggggggggggggggPQPQgggggggggggggggggggggggggggC
CgggggggggggggggggggggggggggpqpqPQPQgggggggggggggggggggggggC
CgggggggggggggggJJJJJJJJggggPQPQpqpqgggggggggggggggggggggggC
CggggggggggggggJJJJJJJJgggggpqpqPQPQgggggggggggggggggggggggC
CgggggggggggggJJJJJJJJggggggPQPQpqpqgggggggggggggggggggggggC
CggggggggggJJJJJJJJJJJJJJgggpqpqPQPQgggggggggygggggggggggggC
CgggggggggJJJJJJJJJJJJJJggggPQPQpqpqgggggggggggggggggggggggC
CggggggggJJJJJJJJJJJJJggggggpqpqPQPQgggggggggggggggggggggggC
CggggggggJJJJJJJJJJJJJggggggPQPQpqpqgggggggggggggggggggggggC
CgggggggggJJJJJJJJJJJJJgggggpqpqPQPQgggggggggggggggggggggggC
CggggggggggJJJJJJJJJJgggggggggggpqpqgggggggggggggggggggggggC
CggggggggggggggggggggggggggggggggggggggggggggggggggggggggggC
CggggggggggggggggggggggggggggggggggggggggggggggggggggggggggC
CggggggggggggggggggggggggggggggggggggggggggggggggggggggggggC
CggggggggggggggggggggggggggggggggggggggggggggggggggggggggggC
CggggggggggggggggggggggggggggggggggggggggggggggygggggggggggC
CggggggggggggggggggggggggggggggggggggggggggggggggggggggggggC
CggggggggggggggggggggggggggggggggggggggggggggggggggggggggggC
CggggSgggggggggggggggggggggggggggggggggggggggggggggggggggggC
CCCCZZZCCCCCCCCCCCCCCCCCCCCCCCCCCCCCCCCCCCCCCCCCCCCCCCCCCCCC