CCCCCCCCCCCC
CAAAAAAAAAAC
ZAAAAAAAAAAC
ZSAAAAAAmAAC
ZAAAAAAAAAAC
CAAAAAAAAAAC
CAAAAAAAAAAC
CAAAAAAAAAAC
CAAAAAAAAAAC
CAAAAAAAAAAC
CAAAAAAAAAAC
CAAAAAAAAAAC
CAAAAAAAAAAC
CAAAAAAAAAAC
CAAAAAAAAAAC
CAAAAAAAAAAC
CAAAAAAAAAAC
CAAAAAAAAAAC
CAAAAAAAAAAC
CAAAAyAAAAAC
CAAAAAAAAAAC
CAAAAAAAAAAC
CAAAAAAAAAAC
CAAAAAAAAAAC
CAAAAAAAAAAC
CAAAAAAAAAAC
CAAAAAAAAAAC
CAAAAAAAAAAC
CAAAAAAAAAAC
CAAAAAAAAAAC
CAAAAAAAAAAC
CAAAAAAAAAAC
CAAAAAAAAAAC
CAAAAAAAAAAC
CAAAAAAAAAAC
CAAAAAAAAAAC
CAAAAAAAAAAC
CAAAAAAAAAAC
CAAAAAAAAAAC
CAAAAAAAAAAC
CAAAAAAAAAAC
CAAAAAAAAAAC
CAAAAAAAAAAC
CAAAAAAAAAAC
CAAAAAAAAAAC
CAAAAAAAAAAC
CAAAAAAAAAAC
CAAAAAAAAAAC
CAAAAAAAAAAC
CAAAAAAAAAAC
CAAAAAAAyAAC
CAAAAAAAAAAC
CAAAAAAAAAAC
CAAAAAAAAAAC
CAAAAAAAAAAC
CAAAAAAAAAAC
CAAAAAAAAAAC
CAAAAAAAAAAC
CAAAAAAAAAAC
CAAAAAAAAAAC
CAAAAAAAAAAC
CAAAAAAAAAAC
CAAAAAAAAAAC
CAAAAAAAAAAC
CAAAAAAAAAAC
CAAAAAAAAAAC
CAAAAAAAAAAC
CAAAAAAAAAAC
CAAAAAAAAAAC
CAAAAAAAAAAC
CAAAAAAAAAAC
CAAAAAAAAAAC
CAAAAAAAAAACCCCCCCCCCCCCCCCCCCCCCCCCCCCCCCCCCCCCCCCCCCCCCCCCCCCCCCCCCCCCCCCCCCCCCCCCCCCCCCCCCCCCCCCCCCCCCCCCCCCCCCCCCCCCCCCCCCCCCCCCCCCCCCCCCCCCCCCCCCC
CAAAAAAAAAAAAAAAAAAAAAAAAAAAAAAAAAAAAAAAAAAAAAAAAAAAAAAAAAAAAAAAAAAAAAAAAAAAAAAAAAAAAAAAAAAAAAAAAAAAAAAAAAAAAAAAAAAAAAAAAAAAAAAAAAAAAAAAAAAAAAAAAAAAAAC
CAAAAAAAAAAAAAAAAAAAAAAAAAAAAAAAAAAAAAAAAAAAAAAAAAAAAAAAAAAAAAAAAAAAAAAAAAAAAAAAAAAAAAAAAAAAAAAAAAAAAAAAAAAAAAAAAAAAAAAAAAAAAAAAAAAAAAAAAAAAAAAAAAAAAAC
CAAAAAAAAAAAAAAAAAAAAAAAAAAAAAAAAAAAAAAAAAAAAAAAAAAAAAAAAAAAAAAAAAAAAAAAAAAAAAAAAAAAAAAAAAAAAAAAAAAAAAAAAAAAAAAAAAAAAAAAAAAAAAAAAAAAAAAAAAAAAAAAAAAAAAC
CAAAAAAAAAAAAAAAAAAyAAAAAAAAAAAAAAAAAAAAAAAAAAAAAAAAxxAAAAAAAAAAAAAAAAAAAAAAAAAAAAAAAAAAAAAAAAAAAAAAmAAAAAAAAAAAAAAAAAAAAAAAAAAAAAAAAAAAAAAAAAAAAAAAAAC
CAAAAAAAAAAAAAAAAAAAAAAAAAAAAAAAAAAAAAAAAAAAAAAAAAAAxxAAAAAAAAAAAAAAAAAAAAAAAAAAAAAAAAAAAAAAAAAAAAAAAAAAAAAAAAAAAAAAAAAAAAAAAAAAAAAAAAAAAAMAAAAAAAAAAAC
CAAAAAAAAAAAAAAAAAAAAAAAAAAAAAAAAAAAAAAAAAAAAAAAAAAAxxAAAAAAAAAAAAAAAAAAAAAAAAAAAAAAAAAAAAAAAAAAAAAAAAAAAAAAAAAAAAAAAAAAAAAAAAAAAAAAAAAAAAAAAAAAAAAAAAC
CAAAAAAAAAAAAAAAAAAAAAAAAAAAAAAAAAAAAAAAAAAAAAAAAAAAAAAAAAAAAAAAAAAAAAAAAAAAAAAAAAAAAAAAAAAAAAAAAAAAAAAAAAAAAAAAAAAAAAAAAAAAAAAAAAAAAAAAAAAAAAAAyAAAAAC
CAAAAAAAAAAAAAAAAAAAAAAAAAAAAAAAAAAAAAAAAAAAAAAAAAAAAAAAAAAAAAAAAAAAAAAAAAAAAAAAAAAAAAAAAAAAAAAAAAAAAAAAAAAAAAAAAAAAAAAAAAAAAAAAAAAAAAAAAAAAAAAAAAAAAAC
CCCCCCCCCCCCCCCCCCCCCCCCCCCCCCCCCCCCCCCCCCCCCCCCCCCCCCCCCCCCCCCCCCCCCCCCCCCCCCCCCCCCCCCCCCCCCCCCCCCCCCCCCCCCCCCCCCCCCCCCCCCCCCCCCCCCCCCCCCCCCCCzzzCCCCC