CCCCCCCCCCCCCCCCCCCCCCCCCCZZZCCCCCCCCCCCCCCCCCCCCCCCCCCCCCCC
CGGGGGGGGGGGGGGGGGGGGGGGGGGSGGCGGGGGGGGGGGGGGGGGGGGGGGGGGGGC
CGGGGGGGGGGGGGGGmGGGGGGGGGGGGGCGGGGGGGGGGGGGGGGGGGGGGGGGGGGC
CGGGGGGGGGGGGGGGGGGGGGGGGGGGGGCGGGGGGGGGGGGGGGGGGGGGGGGGGGGC
CGGGGGGGGCCCCCCCCCCCCCCCCCCCCCCGGGGGGGGGCCCCGGGGGGGGGGGGGGGC
CGGGGGGGGCCCCCCCCCCCCCCCCCCCCCCGGGGGGGGGCPQCGGGGGGGGGGGGGGGC
CGGGGGGGGGGGGGGGGGGGGGGGGGGGGGGGGGGGGGGGCpqCGGGGGGGGGGGGGGGC
CGGGGGGGGGGGGGGGGGGGGGGGGGGGGGGGGGGGGGGGCPQCGGGGGGGGGGGGGGGC
CGGGGGGGGGGGGGGGGGGGGGGGGGGGGGGGGGGGGGGGCpqCGGGGGGGGGGGGGGGC
CGGGGGGGGCCCCCCCCCCCCCCCCCCCCCCGGGGGGGGGCPQCGGGGGGGGGGGGGGGC
CGGGGGGGGCGGGGGGGGGGGGGGGGGGGGCGGGGGGGGGCpqCGGGGGGGGGGGGGGGC
CGGGGGGGGCGGGG5GGGGGGGGGGGGGGGCGGGGGGGGGCPQCGGGGGGGGGGGGGGGC
CGGGGGGGGCGGGGGGGGGGGGGGGyGGGGCGGGGG4GGGCpqCGGGGGGGGGGGGGGGC
CGGGGGGGGCGGGGGGGGGGGGGGGGGGGGCGGGGGGGGGCPQCGGGGGGGGGGGGGGGC
CGGGGGGGGCGGGGGGCCCCCCCCCCCCCCCGGGGGGGGGCpqCGGGGGGGGGGGGGGGC
CGGGGGGGGCGGGGGGGGGGGGGGGGGGGGGGGGGGGGGGCPQCGGGGGGGGGGGGGGGC
CGGGGGGGGCGGGGGGGGGGGGGGGGGGGGGGGGGGGGGGCpqCGGGGGGGGGGGGGGGC
CGGGGGGGGCGGGGGGGGGGGGGGGGGGGGGGGGGGGGGGCPQCGGGGGGGGGGGGGGGC
CGGGGGGGGCCCCCCCCCCCCCCCCCCCCCCGGGGGGGGGCpqCGGGGGGGGG1GGGGGC
CGGGGGGGGGGGGGGGGGGGGGGGGGGGGGGGGGGGGGGGCPQCGGGGGGGGGGGGGGGC
CGGGGGGGGGGGGGGGGGGGGGGGGGGGGGGGGGGGGGGGCpqCGGGGGGGGGGGGGGGC
CGGGGyG6GGGGGGGGGGGGGGGGGGGGGGGGGGGmGGGGCPQCGGGGGGGGGGGGGGGC
CGGGGGGGGGGGGGGGGGGGGGGGGGGGGGGGGGGGGGGGCpqCGGGGGGGGGGGGGGGC
CGGGGGGGGGGGGGGGGGGGGGGGGGGGGGGGGGGGGGGGCJJCGGGGGGGGGGGGGGGC
CCCCCCCCCCCCCCCCCCCCCCCCCCCCCCCCCCCCCCCCCCCCGGGGGGGGGGGGyGGC
CGGGGxxGGGGGGGGGGCCGGGGGGGGGGGGGGGGGGGCCGGGGGGGGGGGGGGGGGGGC
CGGGGxxGGGGGGGGGGCCGGGGGGGGGGGGGGGGGGGCCGGGGGGGGGGGGGJJGGGGC
CGGGGxxGGGGGGGGGGCCGGGJGGGGGGGGGGGGGGGGCGGGGGGGGGGJJJJJGGGGC
CGGGGGGGGGGGGGGGGCCGGGGGGGGGCGGGGGJGGGGCGGGGGGGGGJJJJJJGGGGC
CGGGGGGGGGGGyGGGGCCGGGGGGGGGCGGGGGGGGGGCGGGGGGGGGJJJJJJJGGGC
CGGGGGGGGGGGGGGGGGCGGGGGGGGGCGGGGGGGGGCCGGGGGGGGGJJJJJJJGGGC
CGGGGGGGGGGGGGGGGGGGGGGGGGGGCCGGGGGGGGGGGGGGGGGGGGJJJJJGGGGC
CGGGGGGGGGGGGGGGGGGGGGGGGGGGCCGGGGGGGGGG4GGGGGGGGGJJJJJGGGGC
CGGGGGGGGGGGGGGGGGGGGGGGGGGGCCGGGGGGGGGGGGGGGGGGGGJJGGGGGGGC
CCCCCCCCCCCCCCCCCCCCCCCCCCCCCCCCCCCCCCCCCCCCCCCCCCCCCCCCCCCC