CCCCCCCCCCCCCCCCCCCCCCCCCCZZZCCCCCCCCCCCCCCCCCCCCCCCCCCCCCCC
CGGGGGGGGGGGGGGGGGGGGGGGGGGSGGCGGGGGGGGGGGGGGGGGGGGGGGGGGGGC
CGGGGGGGGGGGGGGGmGGGGGGGGGGGGGCGGGGGGGGGGGGGGGGGGGGGGGGGGGGC
CGGGGGGGGGGGGGGGGGGGGGGGGGGGGGCGGGGGGGGGGGGGGGGGGGyGGGGGGGGC
CGGGGGGGGCCCCCCCCCCCCCCCCCCCCCCGGGGGGGGGCCCCGGGGGGGGGGGGGGGC
CGGGGGGGGCCCCCCCCCCCCCCCCCCCCCCGGGGGGGGGCPQCGGGGGGGGGGGGGGGC
CGGGGGGGGGGGGGGGGGGGGGGGGGGGGGGGGGGGGGGGCpqCGGGGGGGGGGGGGGGz
CGGGGGGGGGGGGGGGGGGGGGGGGGGGGGGGGGGGGGGGCPQCGGGGGGGGGGGGGGGz
CGGGGGGGGGGGGGGGGGGGGGGGGGGGGGGGGGGGGGGGCpqCGGGGGGGGGGGGGGGz
CGGGGGGGGCCCCCCCCCCCCCCCCCCCCCCGGGGGGGGGCPQCGGGGGGGGGGGGGGGC
CGGGGGGGGCGGGGGGGGGGGGGGGGGGGGCGGGGGGGGGCpqCGGGGGGGGGGGGGGGC
CGGGGGGGGCGGGG5GGGGGGGGGGGGGGGCGGGGGGGGGCPQCGGGGGGGGGGGGGGGC
CGGGGGGGGCGGGGGGGGGGGGMGGyGGGGCGGGGG4GGGCpqCGGGGGGGGGGGGGGGC
CGGGGGGGGCGGGGGGGGGGGGGGGGGGGGCGGGGGGGGGCPQCGGGGGGGGGGGGGGGC
CGGGGGGGGCGGGGGGCCCCCCCCCCCCCCCGGGGGGGGGCpqCGGGGGGGGGGGGGGGC
CGGGGGGGGCGGGGGGGGGGGGGGGGGGGGGGGGGGGGGGCPQCGGGGGGGGGGGGGGGC
CGGGGGGGGCGGGGGGGGGGGGGGGGGGGGGGGGGGGGGGCpqCGGGGGGGGGGGGGGGC
CGGGGGGGGCGGGGGGGGGGGGGGGGGGGGGGGGGGGGGGCPQCGGGGGGGGGGGGGGGC
CGGGGGGGGCCCCCCCCCCCCCCCCCCCCCCGGGGGGGGGCpqCGGGGGGGGG1GGGGGC
CGGGGGGGGGGGGGGGGGGGGGGGGGGGGGGGGGGGGGGGCPQCGGGGGGGGGGGGGGGC
CGGGGGGGGGGGGGGGGGGGGGGGGGGGGGGGGGGGGGGGCpqCGGGGGGGGGGGGGGGC
CGGGGGG6GGGGGGGGGGGGGGGGGGGGGGGGGGGmGGGGCPQCGGGGGGGGGGGGGGGC
CGGGGyGGGGGGGGGGGGGGGGGGGGGGGGGGGGGGGGGGCpqCGGGGGGGGGGGGGGGC
CGGGGGGGGGGGGGGGGGGGGGGGGGGGGGGGGGGGGGGGCJJCGGGGGGGGGGGGGGGC
CCCCCCCCCCCCCCCCCCCCCCCCCCCCCCCCCCCCCCCCCCCCGGGGGGGGGGGGyGGC
CGGGGXxGGGGGGGGGGCCGGGGGGGGGGGGGGGGGGGCCGGGGGGGGGGGGGGGGGGGC
CGGGGTtGGGGGGGGGGCCGGGGGGGGGGGGGGGGGGGCCGGGGGGGGGGGGGBBGGGGC
CGGGGUuGGGGGGGGGGCCGGGGGGGGGGGGGGGGGGGGCGGGGGGGGGGBBBJJGGGGC
CGGGGGGGGGGGGGGGGCCGGGGGGGGGCGGGGGGGGGGCGGGGGGGGGBbbbBBBBGGC
CGGGGGGGGGGGyGGGGCCGGGGGGGGGCGGGGGGGGGGCGGGGGGGGGbbbbJJJJGGC
CGGGGGGGGGGGGGGGGGCGGGGGGGGGCGGGGGGGGGCCGGGGGGGGGJJJJBBBGGGC
CGGGGGGGGGGGGGGGGGGGGGGGGGGGCCGGGGGGGGGGGGGGGGGGGGGGBbbbGGGC
CGGGGGGGGGGGGGGGGGGGGGGGGGGGCCGGGGGGGGGG4GGGGGGGGGBBJJJJGGGC
CGGGGGGGGGGGGGGGGGGGGGGGGGGGCCGGGGGGGGGGGGGGGGGGGGJJGGGGGGGC
CCCCCCCCCCCCCCCCCCCCCCCCCCCCCCCCCCCCCCCCCCCCCCCCCCCCCCCCCCCC
