CCCCCCCCCCCCCCCCCCCCCCCCCCZZZCCCCCCCCCCCCCCCCCCCCCCCCCCCCCCC
CGGGGGGGGGGGGGGGGGGGGGGGGGGSGGCGGGGGGGGGGGGGGGGGGGGGGGGGGGGC
CGGGGGGGGGGGGGGGmGGGGGGGGGGGGGCGGGGGGGGGGGGGGGGGGGGGGGGGGGGC
CGGGGGGGGGGGGGGGGGGGGGGGGGGGGGCGGGGGGGGGGGGGGGGGGGGGGGGGGGGC
CGGGGGGGGCCCCCCCCCCCCCCCCCCCCCCGGGGGGGGGCCCCGGGGGGGGGGGGGGGC
CGGGGGGGGCCCCCCCCCCCCCCCCCCCCCCGGGGGGGGGCPQCGGGGGGGGGGGGGGGC
CGGGGGGGGGGGGGGGGGGGGGGGGGGGGGGGGGGGGGGGCpqCGGGGGGGGGGGGGGGC
CGGGGGGGGGGGGGGGGGGGGGGGGGGGGGGGGGGGGGGGCPQCGGGGGGGGGGGGGGGC
CGGGGGGGGGGGGGGGGGGGGGGGGGGGGGGGGGGGGGGGCpqCGGGGGGGGGGGGGGGC
CGGGGGGGGCCCCCCCCCCCCCCCCCCCCCCGGGGGGGGGCPQCGGGGGGGGGGGGGGGC
CGGGGGGGGCGGGGGGGGGGGGGGGGGGGGCGGGGGGGGGCpqCGGGGGGGGGGGGGGGC
CGGGGGGGGCGGGG5GGGGGGGGGGGGGGGCGGGGGGGGGCPQCGGGGGGGGGGGGGGGC
CGGGGGGGGCGGGGGGGGGGGGMGGyGGGGCGGGGG4GGGCpqCGGGGGGGGGGGGGGGC
CGGGGGGGGCGGGGGGGGGGGGGGGGGGGGCGGGGGGGGGCPQCGGGGGGGGGGGGGGGC
CGGGGGGGGCGGGGGGCCCCCCCCCCCCCCCGGGGGGGGGCpqCGGGGGGGGGGGGGGGC
CGGGGGGGGCGGGGGGGGGGGGGGGGGGGGGGGGGGGGGGCPQCGGGGGGGGGGGGGGGC
CGGGGGGGGCGGGGGGGGGGGGGGGGGGGGGGGGGGGGGGCpqCGGGGGGGGGGGGGGGC
CGGGGGGGGCGGGGGGGGGGGGGGGGGGGGGGGGGGGGGGCPQCGGGGGGGGGGGGGGGC
CGGGGGGGGCCCCCCCCCCCCCCCCCCCCCCGGGGGGGGGCpqCGGGGGGGGG1GGGGGC
CGGGGGGGGGGGGGGGGGGGGGGGGGGGGGGGGGGGGGGGCPQCGGGGGGGGGGGGGGGC
CGGGGGGGGGGGGGGGGGGGGGGGGGGGGGGGGGGGGGGGCpqCGGGGGGGGGGGGGGGC
CGGGGyG6GGGGGGGGGGGGGGGGGGGGGGGGGGGmGGGGCPQCGGGGGGGGGGGGGGGC
CGGGGGGGGGGGGGGGGGGGGGGGGGGGGGGGGGGGGGGGCpqCGGGGGGGGGGGGGGGC
CGGGGGGGGGGGGGGGGGGGGGGGGGGGGGGGGGGGGGGGCJJCGGGGGGGGGGGGGGGC
CCCCCCCCCCCCCCCCCCCCCCCCCCCCCCCCCCCCCCCCCCCCGGGGGGGGGGGGyGGC
CGGGGxxGGGGGGGGGGCCGGGGGGGGGGGGGGGGGGGCCGGGGGGGGGGGGGGGGGGGC
CGGGGxxGGGGGGGGGGCCGGGGGGGGGGGGGGGGGGGCCGGGGGGGGGGGGGBBGGGGC
CGGGGxxGGGGGGGGGGCCGGGGGGGGGGGGGGGGGGGGCGGGGGGGGGGBBBJJGGGGC
CGGGGGGGGGGGGGGGGCCGGGGGGGGGCGGGGGGGGGGCGGGGGGGGGBbbbBBGJGGC
CGGGGGGGGGGGyGGGGCCGGGGGGGGGCGGGGGGGGGGCGGGGGGGGGbbbbJJJGGGC
CGGGGGGGGGGGGGGGGGCGGGGGGGGGCGGGGGGGGGCCGGGGGGGGGJJJJBBBGGGC
CGGGGGGGGGGGGGGGGGGGGGGGGGGGCCGGGGGGGGGGGGGGGGGGGGGGBbbbGGGC
CGGGGGGGGGGGGGGGGGGGGGGGGGGGCCGGGGGGGGGG4GGGGGGGGGBBJJJJGGGC
CGGGGGGGGGGGGGGGGGGGGGGGGGGGCCGGGGGGGGGGGGGGGGGGGGJJGGGGGGGC
CCCCCCCCCCCCCCCCCCCCCCCCCCCCCCCCCCCCCCCCCCCCCCCCCCCCCCCCCCCC